eeschema (2013-07-07 BZR 4022)-stable  >> Creation date: 08/11/2015 19:35:06
#Cmp ( order = Reference )
| D1         DIODE       
| D2         DIODE       
| D3         DIODE       
| D4         DIODE       
| D5         DIODE       
| D6         DIODE       
| D7         DIODE       
| D8         DIODE       
| D9         DIODE       
| D10        DIODE       
| D11        DIODE       
| D12        DIODE       
| K1         CHERRY_ML   
| K2         CHERRY_ML   
| K3         CHERRY_ML   
| K4         CHERRY_ML   
| K5         CHERRY_ML   
| K6         CHERRY_ML   
| K7         CHERRY_ML   
| K8         CHERRY_ML   
| K9         CHERRY_ML   
| K10        CHERRY_ML   
| K11        CHERRY_ML   
| K12        CHERRY_ML   
| P1         CONN_7      
#End Cmp

#Cmp ( order = Value )
| DIODE        D1        
| DIODE        D2        
| DIODE        D3        
| DIODE        D4        
| DIODE        D5        
| DIODE        D6        
| DIODE        D7        
| DIODE        D8        
| DIODE        D9        
| DIODE        D10       
| DIODE        D11       
| DIODE        D12       
| CHERRY_ML    K1        
| CHERRY_ML    K2        
| CHERRY_ML    K3        
| CHERRY_ML    K4        
| CHERRY_ML    K5        
| CHERRY_ML    K6        
| CHERRY_ML    K7        
| CHERRY_ML    K8        
| CHERRY_ML    K9        
| CHERRY_ML    K10       
| CHERRY_ML    K11       
| CHERRY_ML    K12       
| CONN_7       P1        
#End Cmp

#End List
